=== Run information ===
Start time:    2025-08-10 15:41:48
Commandline:   java -cp "D:/Weka-3-6/weka.jar" weka.attributeSelection.WrapperSubsetEval -B "weka.classifiers.lazy.IBk" -F 5 -T 0.01 -R 1 -s "weka.attributeSelection.LinearForwardSelection" -i "C:/Users/benja/Desktop/BD PAMPA/Bejamin 24 julio/training.arff"
Evaluator:     WrapperSubsetEval -B "weka.classifiers.lazy.IBk" -F 5 -T 0.01 -R 1 
Search:        LinearForwardSelection
Duration:      0 D : 1 H : 39 M : 2350.03 s
Task:          8/10


=== Attribute Selection on all input data ===

Search Method:
	Linear Forward Selection.
	Start set: no attributes
	Forward selection method: forward selection
	Stale search after 5 node expansions
	Linear Forward Selection Type: fixed-set
	Number of top-ranked attributes that are used: 50
	Total number of subsets evaluated: 1035
	Merit of best subset found:    0.297

Attribute Subset Evaluator (supervised, Class (nominal): 618 Actividad):
	Wrapper Subset Evaluator
	Learning scheme: weka.classifiers.lazy.IBk
	Scheme options: -K 1 -W 0 -A weka.core.neighboursearch.LinearNNSearch -A "weka.core.EuclideanDistance -R first-last"      
	Accuracy estimation: classification error
	Number of folds for accuracy estimation: 5

Selected attributes: 65,168,489,594 : 4
                     STN_L
                     P_VSA_ppp_D
                     B09[C-C]
                     phLevel2

------------------------------------------------------------
