=== Run information ===
Start time:    2025-08-10 21:05:56
Commandline:   java -cp "D:/Weka-3-6/weka.jar" weka.attributeSelection.WrapperSubsetEval -B "weka.classifiers.trees.J48" -F 5 -T 0.01 -R 1 -s "weka.attributeSelection.RankSearch" -i "C:/Users/benja/Desktop/BD PAMPA/Bejamin 24 julio/training.arff"
Evaluator:     WrapperSubsetEval -B "weka.classifiers.trees.J48" -F 5 -T 0.01 -R 1 
Search:        RankSearch
Duration:      1 D : 17 H : 1011 M : 60679.65 s
Task:          2/6


=== Attribute Selection on all input data ===

Search Method:
	RankSearch :
	Attribute evaluator : weka.attributeSelection.GainRatioAttributeEval  
	Attribute ranking : 
	 462 B06[C-C]
	 567 F09[N-N]
	 374 CATS2D_07_AP
	 471 B07[C-C]
	 579 LOGPcons
	 480 B08[C-C]
	 518 F03[N-S]
	 138 GATS8i
	 123 GATS8m
	 578 TPSA_efficiency
	 143 SpMax2_Bh(p)
	 489 B09[C-C]
	 334 MaxaaN
	 122 GATS7m
	 341 CATS2D_04_DD
	  37 Psi_e_A
	 354 CATS2D_06_DP
	 145 SpMax2_Bh(i)
	 219 Eig13_EA(dm)
	 357 CATS2D_03_DL
	  16 totalcharge
	  56 SIC0
	 498 B10[C-C]
	 577 Uc
	 148 SpMin1_Bh(i)
	 135 GATS5i
	  91 ATSC0i
	 261 C-009
	  48 PCR
	 423 SHED_LL
	 218 Eig12_EA(dm)
	  99 MATS8m
	 343 CATS2D_06_DD
	 422 SHED_NL
	 330 MaxaasC
	 297 SaasC
	 411 CATS2D_06_LL
	 528 F04[O-S]
	 217 Eig11_EA(dm)
	 130 GATS7p
	 220 Eig14_EA(dm)
	  98 MATS7m
	  51 Vindex
	 296 SdssC
	 239 nRNH2
	  12 C_percent
	 113 MATS6i
	 295 SsssCH
	 221 Eig15_EA(dm)
	  14 O_percent
	 356 CATS2D_02_DL
	 224 Eig12_AEA(dm)
	 353 CATS2D_08_DA
	 419 SHED_AL
	  52 Yindex
	 232 nRCOOH
	 216 Eig10_EA(dm)
	 204 SM02_EA(dm)
	 163 P_VSA_p_3
	  63 J_D
	 320 mindssC
	 409 CATS2D_00_LL
	 346 CATS2D_09_DD
	  47 piPC05
	 380 CATS2D_05_AN
	 399 CATS2D_00_NN
	 244 nROH
	 170 P_VSA_ppp_cyc
	 414 SHED_DP
	 142 SpMax4_Bh(m)
	 199 SpMaxA_AEA(dm)
	 215 Eig09_EA(dm)
	 195 SpAD_EA(dm)
	 344 CATS2D_07_DD
	 472 B07[C-N]
	 128 GATS5p
	 327 MaxaaCH
	 376 CATS2D_09_AP
	 223 Eig05_AEA(dm)
	   5 stdP
	 340 CATS2D_03_DD
	 137 GATS7i
	 348 CATS2D_03_DA
	  65 STN_L
	 294 SaaCH
	 184 Eta_beta_A
	 210 Eig08_EA(bo)
	 245 nArOH
	  78 SM2_Dz(p)
	 166 P_VSA_s_3
	 355 CATS2D_01_DN
	 191 Eta_psi1
	  72 H_D/Dt
	 164 P_VSA_i_2
	  75 J_Dz(m)
	 372 CATS2D_05_AP
	 247 nOHs
	  86 SM4_B(p)
	 520 F04[C-C]
	 463 B06[C-N]
	 306 NaasC
	  38 Psi_e_0
	  32 Wap
	 389 CATS2D_09_AL
	 175 P_VSA_charge_6
	 415 SHED_DN
	  69 SpMaxA_Dt
	 569 F09[O-S]
	 347 CATS2D_02_DA
	  41 C2SP2
	  83 SpPosA_B(p)
	  87 ATS4p
	 214 Eig08_EA(dm)
	 335 MaxsOH
	  33 PHI
	   1 MW
	 209 SM12_AEA(ri)
	 146 SpMin2_Bh(m)
	 519 F03[O-O]
	 228 nCb-
	  62 SpMAD_A
	 212 Eig04_EA(dm)
	 481 B08[C-N]
	 132 GATS2i
	  28 D/Dtr06
	 158 P_VSA_MR_5
	 581 QEDu
	 368 CATS2D_09_AA
	 213 Eig06_EA(dm)
	 603 s2_phSize
	 252 nPyrazoles
	  81 SpMaxA_B(m)
	 319 minsssCH
	 149 SpMin3_Bh(i)
	 155 P_VSA_LogP_7
	 168 P_VSA_ppp_D
	 169 P_VSA_ppp_con
	 594 phLevel2
	 576 F10[O-O]
	 606 s2_phRelSize_2
	 401 CATS2D_02_NL
	 421 SHED_PL
	 593 phLevel1
	 388 CATS2D_07_AL
	 410 CATS2D_03_LL
	 183 Eta_beta
	 379 CATS2D_04_AN
	  64 Acon
	 288 N-073
	 605 s4_phRelSize
	  66 SpPosA_L
	 490 B09[C-N]
	 274 C-043
	 129 GATS6p
	  70 Wi_D/Dt
	 568 F09[N-O]
	 111 MATS4i
	 272 C-040
	 373 CATS2D_06_AP
	 100 MATS1p
	 270 C-034
	 115 MATS8i
	 554 F08[C-C]
	 176 P_VSA_charge_7
	 225 Eig15_AEA(dm)
	 607 s3_phRelSize_2
	 561 F08[N-F]
	 486 B08[N-F]
	 381 CATS2D_07_AN
	 266 C-028
	 124 GATS1p
	 328 MaxsssCH
	 426 T(N..F)
	  24 nR06
	 387 CATS2D_06_AL
	  54 IC2
	  85 SpMAD_B(p)
	 412 CATS2D_08_LL
	 370 CATS2D_03_AP
	  79 Chi_Dz(i)
	 590 ringChiralCenter
	 378 CATS2D_02_AN
	 141 SpMax3_Bh(m)
	 242 nArNHR
	  92 MATS1m
	  55 IC5
	 136 GATS6i
	 180 P_VSA_charge_12
	 187 Eta_sh_p
	 499 B10[C-N]
	 517 F03[N-O]
	 246 nOHp
	 147 SpMin1_Bh(p)
	  42 C3SP2
	 103 MATS4p
	 153 P_VSA_LogP_5
	 251 nPyrroles
	 521 F04[C-N]
	  96 MATS5m
	 345 CATS2D_08_DD
	 139 GGI5
	  74 Chi_Dz(m)
	 329 MaxdssC
	  88 ATSC0m
	  27 D/Dtr05
	  61 BIC5
	  15 max_conj_path
	 390 CATS2D_00_PP
	 207 SM05_AEA(bo)
	 331 MaxsNH2
	 203 SM10_EA(bo)
	  97 MATS6m
	 617 s34_size
	 102 MATS3p
	 314 NaaO
	 533 F05[O-O]
	 451 B04[O-O]
	 565 F09[C-F]
	 299 SdsN
	 268 C-031
	 311 NaaN
	 185 Eta_C_A
	 570 F10[C-N]
	 196 SpMAD_EA(dm)
	  31 DECC
	 167 P_VSA_s_6
	 144 SpMax1_Bh(i)
	  82 SM6_B(m)
	 375 CATS2D_08_AP
	 315 NssS
	 342 CATS2D_05_DD
	 527 F04[O-O]
	 418 SHED_AP
	  29 D/Dtr09
	 514 F02[N-S]
	 323 gmin
	 601 s4_relSize
	 188 Eta_sh_y
	 125 GATS2p
	 599 s2_relSize
	 544 F07[C-N]
	 580 SAscore
	 131 GATS1i
	 371 CATS2D_04_AP
	 385 CATS2D_04_AL
	 534 F05[O-S]
	 208 SM10_AEA(bo)
	 316 NaaS
	 420 SHED_PN
	 108 MATS1i
	 556 F08[C-F]
	   3 Mp
	 402 CATS2D_03_NL
	 351 CATS2D_06_DA
	 120 GATS5m
	  84 SpDiam_B(p)
	  73 J_D/Dt
	 562 F08[O-O]
	 307 NaaaC
	 563 F08[O-S]
	 150 P_VSA_LogP_2
	 572 F10[C-F]
	 502 B10[C-F]
	  80 AVS_B(m)
	 575 F10[N-O]
	 358 CATS2D_04_DL
	 382 CATS2D_08_AN
	 282 O-057
	 206 SM09_AEA(ed)
	 256 nPyrimidines
	  36 TIE
	 383 CATS2D_02_AL
	 610 s3_numSharedNeighbors
	  90 ATSC5m
	  39 LOC
	  89 ATSC4m
	 159 P_VSA_MR_7
	 530 F05[N-N]
	 611 s2_numRotBonds
	 109 MATS2i
	 403 CATS2D_04_NL
	 157 P_VSA_MR_2
	  34 MAXDN
	  49 AAC
	 595 phLevel3
	 384 CATS2D_03_AL
	 460 B05[O-O]
	 547 F07[C-F]
	  17 nCIR
	 152 P_VSA_LogP_4
	 613 s4_numRotBonds
	 200 SpDiam_AEA(dm)
	 275 C-044
	 604 s3_phSize
	 269 C-033
	 302 SdO
	 600 s3_relSize
	 455 B05[N-N]
	 105 MATS6p
	 201 SpMAD_AEA(dm)
	 174 P_VSA_charge_5
	  58 CIC1
	 585 MDEN-12
	 241 nRNHR
	  18 nIR
	 318 minssCH2
	 106 MATS7p
	  21 RCI
	  57 SIC2
	 235 nArCONHR
	 551 F07[N-S]
	 612 s3_numRotBonds
	  50 IVDE
	 192 Eta_D_beta
	 202 Chi0_EA(dm)
	 429 T(O..S)
	 386 CATS2D_05_AL
	 587 MDEN-22
	 394 CATS2D_05_PL
	 416 SHED_DL
	 177 P_VSA_charge_9
	 448 B04[N-N]
	 338 gmax
	 273 C-041
	 336 MaxdO
	 121 GATS6m
	 377 CATS2D_00_AN
	 425 T(N..S)
	 151 P_VSA_LogP_3
	 205 SM03_EA(dm)
	 267 C-029
	  20 RFD
	  60 BIC3
	 107 MATS8p
	 588 MDEN-23
	 193 SpMAD_EA
	 186 Eta_F_A
	 114 MATS7i
	 312 NaasN
	 198 SpMAD_AEA(ed)
	 400 CATS2D_01_NL
	 140 JGI1
	 332 MaxssNH
	 222 Eig02_AEA(dm)
	 133 GATS3i
	 255 nPyridines
	  94 MATS3m
	 339 CATS2D_02_DD
	 433 T(F..F)
	 194 SpMaxA_EA(dm)
	 438 B02[N-N]
	 512 F02[N-N]
	 277 H-047
	 293 SssCH2
	  13 N_percent
	  53 IC1
	 515 F02[O-O]
	   7 RBF
	 116 GATS1m
	 584 MDEO-22
	  77 SM1_Dz(p)
	  22 NNRS
	 395 CATS2D_06_PL
	 555 F08[C-S]
	 524 F04[N-N]
	 162 P_VSA_e_3
	  46 SRW07
	 391 CATS2D_02_PL
	 440 B02[O-O]
	 322 minssssC
	 507 F01[C-N]
	 609 s2_numSharedNeighbors
	 254 nThiazoles
	 182 P_VSA_charge_14
	  35 DELS
	 404 CATS2D_05_NL
	 360 CATS2D_06_DL
	  71 WiA_D/Dt
	 325 MaxssCH2
	 154 P_VSA_LogP_6
	 265 C-027
	 608 s2_relPathLength_2
	 101 MATS2p
	  23 nR05
	  68 SM5_X
	 264 C-026
	 283 O-059
	 117 GATS2m
	 190 Eta_D_epsiA
	 292 S-107
	 597 arLevel3
	 616 s4_numAroBonds
	 535 F06[C-S]
	 172 P_VSA_charge_3
	 189 Eta_epsi_5
	 614 s2_numAroBonds
	 160 P_VSA_MR_8
	 257 nHAcc
	 197 SpMAD_EA(ri)
	 280 H-052
	 424 T(N..O)
	 511 F02[C-F]
	 500 B10[C-O]
	 171 P_VSA_charge_2
	 417 SHED_AA
	 350 CATS2D_05_DA
	 491 B09[C-O]
	 467 B06[N-F]
	 541 F06[N-F]
	 321 minaasC
	 359 CATS2D_05_DL
	 286 N-070
	 522 F04[C-F]
	 446 B04[C-F]
	 393 CATS2D_04_PL
	 549 F07[N-N]
	  76 SM1_Dz(m)
	   4 stdMW
	 542 F06[O-O]
	 428 T(O..O)
	  93 MATS2m
	 365 CATS2D_03_AA
	 434 B01[C-N]
	   2 AMW
	 104 MATS5p
	 352 CATS2D_07_DA
	 571 F10[C-S]
	 263 C-019
	 483 B08[C-S]
	 305 NdssC
	  95 MATS4m
	 333 MaxsssN
	 564 F09[C-S]
	 602 s1_phSize
	 526 F04[N-S]
	  59 CIC5
	 405 CATS2D_06_NL
	 475 B07[N-N]
	 161 P_VSA_m_4
	 243 nArNR2
	   6 nTA
	 349 CATS2D_04_DA
	 240 nArNH2
	 392 CATS2D_03_PL
	 211 Eig02_EA(dm)
	 508 F01[N-N]
	 536 F06[C-F]
	 443 B03[O-O]
	 234 nRCONHR
	 427 T(N..Cl)
	 298 SssssC
	  11 H_percent
	 413 SHED_DA
	 301 SaaNH
	 454 B05[C-S]
	 615 s3_numAroBonds
	 540 F06[N-S]
	 510 F02[C-O]
	 545 F07[C-O]
	 559 F08[N-O]
	 592 nLevel10
	 127 GATS4p
	 134 GATS4i
	 552 F07[O-O]
	 546 F07[C-S]
	 366 CATS2D_04_AA
	 538 F06[N-N]
	 165 P_VSA_s_1
	 126 GATS3p
	 361 CATS2D_07_DL
	  40 C1SP2
	 112 MATS5i
	 179 P_VSA_charge_11
	 539 F06[N-O]
	 287 N-072
	 531 F05[N-O]
	 290 F-084
	 442 B03[N-O]
	 525 F04[N-O]
	 582 MDEC-14
	  44 C2SP3
	 482 B08[C-O]
	 250 nArX
	 173 P_VSA_charge_4
	 591 nLevel8
	 550 F07[N-O]
	 513 F02[N-O]
	 406 CATS2D_07_NL
	 574 F10[N-N]
	 397 CATS2D_08_PL
	 501 B10[C-S]
	 367 CATS2D_06_AA
	 477 B07[N-S]
	 276 H-046
	 474 B07[C-S]
	  10 nX
	 492 B09[C-S]
	 362 CATS2D_08_DL
	 458 B05[N-F]
	 532 F05[N-F]
	 364 CATS2D_02_AA
	 178 P_VSA_charge_10
	 324 MaxsCH3
	 396 CATS2D_07_PL
	 313 NssO
	 598 s1_size
	 309 NssNH
	 469 B06[O-O]
	 558 F08[N-N]
	   8 nS
	 478 B07[O-O]
	 110 MATS3i
	 516 F03[N-N]
	 407 CATS2D_08_NL
	 363 CATS2D_01_AA
	 430 T(O..F)
	 248 nArOR
	 408 CATS2D_09_NL
	 227 nCrs
	 304 NssCH2
	 487 B08[O-O]
	 253 nImidazoles
	 506 B10[O-O]
	 229 nCconj
	 445 B04[C-O]
	 398 CATS2D_09_PL
	 156 P_VSA_LogP_8
	 496 B09[O-O]
	 262 C-011
	 278 H-048
	 119 GATS4m
	 369 CATS2D_02_AP
	 589 MDEN-33
	 548 F07[C-Cl]
	 566 F09[C-Cl]
	 493 B09[C-Cl]
	  19 nFR
	 573 F10[C-Cl]
	 503 B10[C-Cl]
	 181 P_VSA_charge_13
	  26 nR10
	 236 nRCONR2
	 284 O-060
	 465 B06[N-N]
	 484 B08[N-N]
	 473 B07[C-O]
	 303 NsCH3
	 456 B05[N-O]
	 230 nR=Cs
	   9 nHM
	 453 B05[C-O]
	 279 H-051
	 249 nSO2N
	 435 B01[C-O]
	 439 B02[N-O]
	 457 B05[N-S]
	 260 C-006
	 441 B03[N-N]
	 437 B01[O-S]
	 310 NsssN
	 476 B07[N-O]
	 464 B06[C-O]
	 495 B09[N-O]
	 485 B08[N-O]
	  30 D/Dtr11
	 494 B09[N-N]
	 529 F05[C-Cl]
	 543 F06[O-S]
	 596 arLevel1
	 488 B08[O-S]
	 537 F06[C-Cl]
	 504 B10[N-N]
	 583 MDEC-44
	 586 MDEN-13
	 505 B10[N-O]
	 509 F01[N-O]
	 553 F07[O-S]
	 523 F04[C-Cl]
	 560 F08[N-S]
	  25 nR07
	 497 B09[O-S]
	 557 F08[C-Cl]
	 289 N-074
	 291 Cl-089
	 281 H-053
	 285 N-068
	 317 NddssS
	 326 MaxdsCH
	 300 SssssN+
	 308 NssssC
	 231 nR=Ct
	 233 nRCOOR
	 118 GATS3m
	 226 nCp
	 259 C-005
	 271 C-039
	 237 nRCO
	 258 C-003
	 238 nCONN
	 461 B05[O-S]
	 466 B06[N-O]
	 452 B04[O-S]
	 459 B05[N-Cl]
	 470 B06[O-S]
	 479 B07[O-S]
	  45 C4SP3
	  43 C1SP3
	 468 B06[N-Cl]
	 431 T(O..Cl)
	 432 T(S..Cl)
	 337 MaxssO
	  67 SM3_X
	 449 B04[N-O]
	 450 B04[N-Cl]
	 436 B01[N-O]
	 447 B04[C-Cl]
	 444 B03[O-S]
	Merit of best subset found : 0.27 

Attribute Subset Evaluator (supervised, Class (nominal): 618 Actividad):
	Wrapper Subset Evaluator
	Learning scheme: weka.classifiers.trees.J48
	Scheme options: -C 0.25 -M 2           
	Accuracy estimation: classification error
	Number of folds for accuracy estimation: 5

Selected attributes: 374,462,471,480,518,567,579 : 7
                     CATS2D_07_AP
                     B06[C-C]
                     B07[C-C]
                     B08[C-C]
                     F03[N-S]
                     F09[N-N]
                     LOGPcons

------------------------------------------------------------
