=== Run information ===
Start time:    2025-09-30 15:14:37
Commandline:   java -cp "D:/Weka-3-6/weka.jar" weka.attributeSelection.WrapperSubsetEval -B "weka.classifiers.trees.J48" -F 5 -T 0.01 -R 1 -s "weka.attributeSelection.LinearForwardSelection" -i "C:\Users\benja\Desktop\BD PAMPA\Calculos fusion\combined training.arff"
Evaluator:     WrapperSubsetEval -B "weka.classifiers.trees.J48" -F 5 -T 0.01 -R 1 
Search:        LinearForwardSelection
Duration:      0 D : 0 H : 0 M : 0.41 s
Task:          3/10
No search method given.
------------------------------------------------------------
=== Run information ===
Start time:    2025-09-30 15:18:35
Commandline:   java -cp "D:/Weka-3-6/weka.jar" weka.attributeSelection.WrapperSubsetEval -B "weka.classifiers.trees.J48" -F 5 -T 0.01 -R 1 -s "weka.attributeSelection.LinearForwardSelection" -i "C:\Users\benja\Desktop\BD PAMPA\Calculos fusion\combined_training.arff"
Evaluator:     WrapperSubsetEval -B "weka.classifiers.trees.J48" -F 5 -T 0.01 -R 1 
Search:        LinearForwardSelection
Duration:      0 D : 0 H : 0 M : 1.05 s
Task:          3/10
------------------------------------------------------------
=== Run information ===
Start time:    2025-09-30 15:31:50
Commandline:   java -cp "D:/Weka-3-6/weka.jar" weka.attributeSelection.WrapperSubsetEval -B "weka.classifiers.trees.J48" -F 5 -T 0.01 -R 1 -s "weka.attributeSelection.LinearForwardSelection" -i "C:\Users\benja\Desktop\BD PAMPA\Calculos fusion\combined_training.arff"
Evaluator:     WrapperSubsetEval -B "weka.classifiers.trees.J48" -F 5 -T 0.01 -R 1 
Search:        LinearForwardSelection
Duration:      0 D : 0 H : 0 M : 1.05 s
Task:          3/10
------------------------------------------------------------
=== Run information ===
Start time:    2025-09-30 15:43:47
Commandline:   java -cp "D:/Weka-3-6/weka.jar" weka.attributeSelection.WrapperSubsetEval -B "weka.classifiers.trees.J48" -F 5 -T 0.01 -R 1 -s "weka.attributeSelection.LinearForwardSelection" -i "C:\Users\benja\Desktop\BD PAMPA\Calculos fusion\combined_training.arff"
Evaluator:     WrapperSubsetEval -B "weka.classifiers.trees.J48" -F 5 -T 0.01 -R 1 
Search:        LinearForwardSelection
Duration:      0 D : 0 H : 6 M : 361.97 s
Task:          3/10


=== Attribute Selection on all input data ===

Search Method:
	Linear Forward Selection.
	Start set: no attributes
	Forward selection method: forward selection
	Stale search after 5 node expansions
	Linear Forward Selection Type: fixed-set
	Number of top-ranked attributes that are used: 50
	Total number of subsets evaluated: 1284
	Merit of best subset found:    0.252

Attribute Subset Evaluator (supervised, Class (nominal): 784 Actividad):
	Wrapper Subset Evaluator
	Learning scheme: weka.classifiers.trees.J48
	Scheme options: -C 0.25 -M 2           
	Accuracy estimation: classification error
	Number of folds for accuracy estimation: 5

Selected attributes: 37,38,48,225,294,423,579 : 7
                     Psi_e_A
                     Psi_e_0
                     PCR
                     Eig15_AEA(dm)
                     SaaCH
                     SHED_LL
                     LOGPcons

------------------------------------------------------------
