=== Run information ===
Start time:    2025-09-30 15:14:37
Commandline:   java -cp "D:/Weka-3-6/weka.jar" weka.attributeSelection.WrapperSubsetEval -B "weka.classifiers.trees.J48" -F 5 -T 0.01 -R 1 -s "weka.attributeSelection.BestFirst" -i "C:\Users\benja\Desktop\BD PAMPA\Calculos fusion\combined training.arff"
Evaluator:     WrapperSubsetEval -B "weka.classifiers.trees.J48" -F 5 -T 0.01 -R 1 
Search:        BestFirst
Duration:      0 D : 0 H : 0 M : 0.38 s
Task:          1/10
No search method given.
------------------------------------------------------------
=== Run information ===
Start time:    2025-09-30 15:18:35
Commandline:   java -cp "D:/Weka-3-6/weka.jar" weka.attributeSelection.WrapperSubsetEval -B "weka.classifiers.trees.J48" -F 5 -T 0.01 -R 1 -s "weka.attributeSelection.BestFirst" -i "C:\Users\benja\Desktop\BD PAMPA\Calculos fusion\combined_training.arff"
Evaluator:     WrapperSubsetEval -B "weka.classifiers.trees.J48" -F 5 -T 0.01 -R 1 
Search:        BestFirst
Duration:      0 D : 0 H : 0 M : 1.19 s
Task:          1/10
------------------------------------------------------------
=== Run information ===
Start time:    2025-09-30 15:31:50
Commandline:   java -cp "D:/Weka-3-6/weka.jar" weka.attributeSelection.WrapperSubsetEval -B "weka.classifiers.trees.J48" -F 5 -T 0.01 -R 1 -s "weka.attributeSelection.BestFirst" -i "C:\Users\benja\Desktop\BD PAMPA\Calculos fusion\combined_training.arff"
Evaluator:     WrapperSubsetEval -B "weka.classifiers.trees.J48" -F 5 -T 0.01 -R 1 
Search:        BestFirst
Duration:      0 D : 0 H : 0 M : 1.06 s
Task:          1/10
------------------------------------------------------------
=== Run information ===
Start time:    2025-09-30 15:43:47
Commandline:   java -cp "D:/Weka-3-6/weka.jar" weka.attributeSelection.WrapperSubsetEval -B "weka.classifiers.trees.J48" -F 5 -T 0.01 -R 1 -s "weka.attributeSelection.BestFirst" -i "C:\Users\benja\Desktop\BD PAMPA\Calculos fusion\combined_training.arff"
Evaluator:     WrapperSubsetEval -B "weka.classifiers.trees.J48" -F 5 -T 0.01 -R 1 
Search:        BestFirst
Duration:      0 D : 3 H : 165 M : 9899.52 s
Task:          1/10


=== Attribute Selection on all input data ===

Search Method:
	Best first.
	Start set: no attributes
	Search direction: forward
	Stale search after 5 node expansions
	Total number of subsets evaluated: 11646
	Merit of best subset found:    0.24 

Attribute Subset Evaluator (supervised, Class (nominal): 784 Actividad):
	Wrapper Subset Evaluator
	Learning scheme: weka.classifiers.trees.J48
	Scheme options: -C 0.25 -M 2           
	Accuracy estimation: classification error
	Number of folds for accuracy estimation: 5

Selected attributes: 184,219,293,300,342,367,380,462,579,682 : 10
                     Eta_beta_A
                     Eig13_EA(dm)
                     SssCH2
                     SssssN+
                     CATS2D_05_DD
                     CATS2D_06_AA
                     CATS2D_05_AN
                     B06[C-C]
                     LOGPcons
                     MACCSFP65

------------------------------------------------------------
