=== Run information ===
Start time:    2025-10-06 19:01:14
Commandline:   java -cp "D:/Weka-3-6/weka.jar" weka.attributeSelection.WrapperSubsetEval -B "weka.classifiers.lazy.IBk" -F 5 -T 0.01 -R 1 -s "weka.attributeSelection.GeneticSearch" -i "C:\Users\benja\Desktop\BD PAMPA\Calculos BD reducida\consenso_train.arff"
Evaluator:     WrapperSubsetEval -B "weka.classifiers.lazy.IBk" -F 5 -T 0.01 -R 1 
Search:        GeneticSearch
Duration:      0 D : 1 H : 55 M : 3316.69 s
Task:          7/10


=== Attribute Selection on all input data ===

Search Method:
	Genetic search.
	Start set: no attributes
	Population size: 20
	Number of generations: 20
	Probability of crossover:  0.6  
	Probability of mutation:  0.033
	Report frequency: 20
	Random number seed: 1

Initial population
merit   	scaled  	subset
 0.3219 	 0.31373	2 5 6 9 11 12 16 17 20 25 29 30 39 40 42 44 45 46 48 51 53 55 56 57 60 61 63 64 65 66 67 68 71 
 0.31138	 0.43356	2 4 6 7 8 10 12 13 14 16 17 20 21 22 23 24 30 32 35 36 37 38 40 41 45 49 50 51 55 56 57 58 60 61 62 63 65 68 69 70 
 0.32752	 0.24968	1 2 5 7 9 10 11 12 18 19 20 22 31 32 33 34 36 40 42 45 47 50 51 53 54 56 57 58 60 63 64 66 70 
 0.31719	 0.36732	5 7 10 11 13 15 16 18 20 23 24 26 28 29 31 32 33 35 37 39 41 42 43 46 47 50 51 52 54 55 59 62 64 65 67 68 70 71 
 0.32233	 0.30876	1 5 7 8 12 20 23 24 39 40 42 43 45 56 57 58 67 70 
 0.30835	 0.46798	3 4 6 8 9 11 13 16 17 18 20 22 26 27 29 31 32 37 38 40 41 42 45 47 48 54 56 61 62 63 66 67 68 69 71 
 0.32339	 0.29674	1 4 5 6 7 9 10 11 12 14 17 18 19 22 23 28 29 31 32 33 38 41 45 48 55 56 59 60 63 65 66 67 68 70 
 0.33658	 0.14641	2 5 6 8 13 21 26 62 63 68 
 0.34944	 0      	11 12 13 25 53 58 60 69 
 0.32476	 0.28105	1 2 4 9 13 16 20 24 27 30 31 36 42 43 44 45 55 63 65 
 0.31099	 0.43791	3 5 9 10 14 15 18 23 24 27 31 32 37 38 40 41 43 44 46 50 51 53 55 56 57 60 61 62 63 64 66 67 68 71 
 0.31409	 0.40262	1 2 3 4 5 8 9 11 14 15 16 17 18 19 20 21 24 25 28 30 31 32 35 36 37 38 39 40 41 43 45 46 47 51 52 55 57 59 60 64 65 66 67 69 70 
 0.31363	 0.40785	3 4 6 7 9 10 11 12 16 18 20 22 24 28 32 34 35 36 37 40 43 47 55 56 57 58 62 64 65 68 
 0.32454	 0.28366	7 9 13 15 16 19 20 21 22 23 27 31 32 35 39 40 42 45 46 47 50 52 53 54 57 58 64 67 69 70 71 
 0.3188 	 0.34902	1 2 5 6 10 11 13 14 16 19 24 26 30 31 33 34 37 38 39 41 43 44 45 47 50 51 52 53 54 55 56 57 59 60 61 63 65 66 67 70 
 0.32213	 0.31111	7 8 11 13 14 19 20 25 29 30 31 34 35 38 41 47 50 54 60 61 70 
 0.30973	 0.45229	2 3 4 5 7 8 10 11 13 14 15 16 17 19 24 26 27 28 29 30 31 34 37 39 41 47 48 49 51 54 55 56 57 58 60 61 62 63 65 68 69 71 
 0.3188 	 0.34902	2 7 9 11 12 13 14 17 20 23 25 28 30 31 32 33 34 36 38 39 40 41 42 45 46 49 50 51 53 55 58 62 63 64 65 67 69 70 
 0.31891	 0.34772	1 2 4 6 7 9 10 12 14 15 17 18 20 21 22 24 26 31 33 34 35 38 39 40 42 44 45 46 47 48 50 51 54 55 56 57 58 59 61 64 66 67 70 71 
 0.33027	 0.2183 	4 22 25 37 38 39 40 44 46 47 49 51 52 55 66 67 71 

Generation: 20
merit   	scaled  	subset
 0.29757	 0.44789	1 2 3 5 6 10 13 14 16 19 21 24 26 28 30 31 32 37 38 39 40 41 42 43 44 45 46 47 48 50 51 53 56 58 61 62 63 66 67 68 69 71 
 0.29757	 0.44789	1 2 3 5 6 10 13 14 16 19 21 24 26 28 30 31 32 37 38 39 40 41 42 43 44 45 46 47 48 50 51 53 56 58 61 62 63 66 67 68 69 71 
 0.30617	 0.12176	1 2 3 5 6 10 11 13 14 16 17 19 20 21 24 25 26 28 31 32 34 36 37 38 39 40 41 42 43 44 45 47 48 50 51 53 56 58 61 62 63 66 67 68 69 71 
 0.30308	 0.23916	1 2 3 5 6 10 13 14 16 17 19 20 21 24 26 28 30 31 32 33 36 37 39 40 41 42 43 44 45 46 47 48 50 51 53 56 58 62 63 67 68 69 71 
 0.3009 	 0.32178	1 3 5 6 9 10 13 14 16 19 24 26 28 30 32 35 37 38 39 40 42 43 44 46 47 48 50 51 53 56 58 61 62 63 66 67 68 69 71 
 0.29963	 0.36962	1 2 3 5 6 10 13 14 16 17 19 20 21 24 26 28 30 31 32 36 37 38 39 40 41 42 43 44 45 46 47 48 50 51 53 56 58 61 62 63 66 67 68 69 71 
 0.30044	 0.33918	1 2 3 5 6 10 13 14 16 17 20 21 24 26 28 30 31 32 36 37 38 39 40 41 42 43 44 45 46 47 48 50 51 53 56 58 61 62 63 66 68 69 71 
 0.30147	 0.30004	1 2 3 5 6 10 13 14 16 19 21 23 24 25 26 28 30 31 32 34 37 38 39 40 41 42 43 44 45 46 47 48 50 51 53 56 58 61 62 63 66 67 68 69 70 71 
 0.30181	 0.287  	1 2 3 5 6 7 10 13 14 16 19 21 22 24 26 28 31 32 35 37 38 40 42 43 44 45 46 47 48 50 51 53 54 56 58 61 62 63 66 67 68 69 71 
 0.30227	 0.2696 	1 2 3 4 5 6 8 10 13 14 19 21 24 26 28 30 31 32 37 38 39 41 42 43 45 47 51 53 56 58 61 62 63 66 67 68 69 71 
 0.30216	 0.27395	1 2 3 5 6 10 13 14 16 19 21 24 26 28 31 32 35 37 38 40 42 43 44 45 46 47 48 50 51 53 56 58 61 62 63 66 67 68 69 71 
 0.30048	 0.33744	1 2 3 5 6 10 13 14 15 16 17 19 20 21 24 26 28 30 31 32 36 37 38 39 41 42 43 44 45 46 47 48 50 51 53 56 58 62 63 66 67 68 69 71 
 0.30285	 0.24786	1 2 3 5 6 10 13 14 16 19 21 24 26 28 30 31 32 38 39 40 41 42 43 44 45 46 47 48 50 51 53 56 58 61 62 63 66 67 68 69 71 
 0.30101	 0.31743	1 2 3 4 5 6 8 10 13 14 19 21 24 26 28 30 31 32 34 37 38 39 41 42 43 45 46 47 51 53 56 58 61 62 63 66 67 68 69 71 
 0.29757	 0.44789	1 2 3 5 6 10 13 14 16 19 21 24 26 28 30 31 32 37 38 39 40 41 42 43 44 45 46 47 48 50 51 53 56 58 61 62 63 66 67 68 69 71 
 0.30514	 0.16089	1 2 3 5 6 10 13 14 15 16 17 19 20 21 24 26 28 29 30 31 32 36 37 38 39 40 41 42 43 44 45 46 47 48 50 51 53 56 58 62 63 66 67 68 69 
 0.30149	 0.29917	1 2 3 5 6 7 13 14 15 16 19 21 24 26 28 30 31 32 35 36 37 39 40 41 42 43 44 45 46 47 48 50 51 53 56 57 58 61 62 63 66 67 68 69 71 
 0.30939	 0      	3 4 5 6 9 10 12 13 14 16 19 24 26 28 30 31 32 35 37 38 39 42 43 44 46 47 50 51 53 56 58 59 61 62 63 66 68 69 
 0.29803	 0.43049	1 3 5 6 9 10 13 14 16 19 21 24 26 28 30 31 32 37 38 39 40 41 42 43 44 45 46 47 48 50 51 53 56 58 61 62 63 66 67 68 69 71 
 0.29963	 0.36962	1 2 3 5 6 10 13 14 16 17 19 20 21 24 26 28 30 31 32 36 37 38 39 40 41 42 43 44 45 46 47 48 50 51 53 56 58 61 62 63 66 67 68 69 71 

Attribute Subset Evaluator (supervised, Class (nominal): 72 Actividad):
	Wrapper Subset Evaluator
	Learning scheme: weka.classifiers.lazy.IBk
	Scheme options: -K 1 -W 0 -A weka.core.neighboursearch.LinearNNSearch -A "weka.core.EuclideanDistance -R first-last"      
	Accuracy estimation: classification error
	Number of folds for accuracy estimation: 5

Selected attributes: 1,2,3,5,6,10,13,14,16,19,21,24,26,28,30,31,32,37,38,39,40,41,42,43,44,45,46,47,48,50,51,53,56,58,61,62,63,66,67,68,69,71 : 42
                     AAC
                     ATSC4m
                     BIC3
                     C1SP3
                     C2SP2
                     D/Dtr09
                     DELS
                     GATS2i
                     GATS2p
                     GATS5m
                     GATS7p
                     H_percent
                     JGI1
                     MATS1m
                     MATS5i
                     MATS5p
                     MATS7m
                     PCR
                     P_VSA_MR_5
                     P_VSA_MR_8
                     P_VSA_e_3
                     P_VSA_i_2
                     P_VSA_p_3
                     P_VSA_ppp_D
                     P_VSA_s_1
                     Psi_e_0
                     Psi_e_A
                     RCI
                     RFD
                     SIC0
                     SM1_Dz(p)
                     SM5_X
                     SpMax1_Bh(i)
                     SpMax4_Bh(m)
                     Vindex
                     WiA_D/Dt
                     Yindex
                     nR06
                     nR07
                     nR10
                     piPC05
                     totalcharge

------------------------------------------------------------
