=== Run information ===
Start time:    2025-10-06 19:01:14
Commandline:   java -cp "D:/Weka-3-6/weka.jar" weka.attributeSelection.WrapperSubsetEval -B "weka.classifiers.lazy.IBk" -F 5 -T 0.01 -R 1 -s "weka.attributeSelection.BestFirst" -i "C:\Users\benja\Desktop\BD PAMPA\Calculos BD reducida\consenso_train.arff"
Evaluator:     WrapperSubsetEval -B "weka.classifiers.lazy.IBk" -F 5 -T 0.01 -R 1 
Search:        BestFirst
Duration:      0 D : 1 H : 31 M : 1839.17 s
Task:          6/10


=== Attribute Selection on all input data ===

Search Method:
	Best first.
	Start set: no attributes
	Search direction: forward
	Stale search after 5 node expansions
	Total number of subsets evaluated: 732
	Merit of best subset found:    0.283

Attribute Subset Evaluator (supervised, Class (nominal): 72 Actividad):
	Wrapper Subset Evaluator
	Learning scheme: weka.classifiers.lazy.IBk
	Scheme options: -K 1 -W 0 -A weka.core.neighboursearch.LinearNNSearch -A "weka.core.EuclideanDistance -R first-last"      
	Accuracy estimation: classification error
	Number of folds for accuracy estimation: 5

Selected attributes: 43,47,48,55,64,71 : 6
                     P_VSA_ppp_D
                     RCI
                     RFD
                     STN_L
                     nIR
                     totalcharge

------------------------------------------------------------
