=== Run information ===
Start time:    2025-08-18 14:22:55
Commandline:   java -cp "D:/Weka-3-6/weka.jar" weka.attributeSelection.WrapperSubsetEval -B "weka.classifiers.trees.J48" -F 5 -T 0.01 -R 1 -s "weka.attributeSelection.GeneticSearch" -i "C:/Users/benja/Desktop/BD PAMPA/Calculos Fingerprint/new_training.arff"
Evaluator:     WrapperSubsetEval -B "weka.classifiers.trees.J48" -F 5 -T 0.01 -R 1 
Search:        GeneticSearch
Duration:      0 D : 1 H : 75 M : 4492.87 s
Task:          2/10


=== Attribute Selection on all input data ===

Search Method:
	Genetic search.
	Start set: no attributes
	Population size: 20
	Number of generations: 20
	Probability of crossover:  0.6  
	Probability of mutation:  0.033
	Report frequency: 20
	Random number seed: 1

Initial population
merit   	scaled  	subset
 0.3095 	 0.33974	4 8 12 16 28 29 30 31 33 37 38 48 55 56 57 60 65 72 73 85 90 92 102 108 125 127 137 147 152 160 165 
 0.2994 	 0.37584	1 3 6 8 9 10 12 13 14 16 18 19 22 24 27 28 29 30 31 32 33 35 37 40 41 42 43 45 47 49 50 53 55 56 58 60 61 62 64 66 68 69 70 72 73 74 75 77 78 82 83 84 85 93 95 98 99 100 101 102 105 107 109 114 115 116 117 118 119 121 122 123 126 128 129 130 132 135 136 137 139 142 143 145 146 148 149 151 152 153 156 157 160 161 162 163 165 166 
 0.31501	 0.32004	1 5 6 7 9 13 15 16 18 23 25 28 30 32 36 37 38 39 47 49 53 55 56 57 58 59 61 64 65 66 67 71 72 76 79 80 82 83 86 87 90 91 96 97 99 105 107 108 118 120 122 124 126 128 129 131 132 133 134 135 137 138 139 140 143 144 145 150 154 160 162 164 165 
 0.31641	 0.31503	2 3 4 6 9 10 14 16 18 20 21 22 23 24 27 28 29 34 35 37 38 41 42 43 46 48 50 52 53 54 55 56 60 61 62 65 67 69 70 72 73 74 75 76 77 78 79 81 82 85 86 88 89 90 91 94 95 96 97 98 99 101 102 106 107 108 110 111 112 113 114 115 116 117 119 120 121 122 123 125 126 132 133 134 135 138 140 143 144 146 148 155 156 157 158 162 163 165 
 0.40452	 0      	30 61 80 95 124 130 
 0.30698	 0.34876	2 5 6 9 10 12 13 15 16 20 22 23 26 27 32 34 39 40 42 43 44 46 48 49 50 51 52 53 55 58 60 61 62 63 66 67 69 70 71 72 73 75 77 80 81 83 84 85 87 88 89 90 91 93 95 96 97 99 100 101 102 103 104 105 109 113 114 116 117 118 119 120 121 122 123 124 126 127 128 129 130 131 133 134 141 145 146 147 150 152 155 157 158 161 163 165 
 0.32052	 0.30035	2 3 4 10 12 15 16 20 22 26 27 28 29 30 31 32 33 34 35 36 39 43 45 46 47 48 50 52 53 54 57 59 61 67 68 69 70 72 73 77 78 81 83 84 85 86 87 88 91 94 95 96 97 99 101 102 104 105 108 112 113 114 115 116 117 119 120 121 122 123 124 126 127 128 130 131 136 139 140 142 144 148 149 151 152 155 158 159 160 161 162 163 164 166 
 0.32534	 0.28311	2 3 6 8 11 13 14 20 24 25 31 33 36 43 47 48 51 55 57 59 61 62 64 67 69 71 72 73 75 77 82 83 90 92 93 101 102 103 105 110 113 118 119 122 123 130 132 136 142 143 150 151 153 154 155 159 160 164 165 
 0.28804	 0.41646	1 4 6 8 9 10 12 13 14 16 18 19 20 21 23 26 28 30 31 32 34 35 36 37 38 39 41 43 44 45 46 47 48 49 50 51 52 55 56 57 58 59 60 62 63 68 70 71 76 77 79 80 82 84 85 86 89 91 94 96 97 100 102 103 104 107 108 117 120 122 125 126 127 128 129 130 134 136 137 138 142 143 144 145 146 148 149 151 155 158 160 161 164 165 
 0.29734	 0.38323	4 5 6 7 8 9 13 15 16 17 25 28 29 31 33 36 37 40 42 44 48 49 51 52 53 54 58 59 60 61 63 64 65 66 72 73 74 75 76 77 80 83 85 87 88 89 90 92 96 99 100 104 106 108 110 116 117 118 119 121 122 129 132 133 135 136 138 140 141 143 145 146 147 148 152 156 161 166 
 0.32855	 0.27162	1 2 6 8 15 20 27 29 31 32 36 38 51 53 54 58 59 71 74 77 84 88 90 101 108 112 115 117 123 126 128 135 136 137 142 155 156 161 164 165 166 
 0.34225	 0.22263	1 18 35 44 59 66 70 74 76 77 89 92 93 95 100 101 103 107 109 113 128 129 134 136 140 141 150 155 156 163 
 0.29998	 0.37379	4 6 7 9 11 12 14 16 19 20 21 24 27 28 29 32 36 39 40 45 46 47 49 50 52 57 58 66 67 70 71 72 73 74 77 78 80 85 86 88 90 92 93 94 96 99 100 101 103 106 110 112 114 115 116 118 121 123 125 126 128 129 131 132 133 135 136 137 138 139 140 142 143 146 149 151 152 153 155 157 159 160 161 162 165 166 
 0.29309	 0.39841	1 2 4 6 7 11 12 13 22 23 25 26 27 28 30 32 33 35 36 37 38 48 49 50 51 52 55 56 57 58 59 62 63 67 69 70 71 73 74 75 76 77 80 82 87 88 89 90 91 92 93 94 95 98 99 100 101 102 105 106 107 108 110 117 121 125 128 129 130 131 132 134 135 136 139 140 141 145 146 148 150 153 154 159 160 161 163 164 165 166 
 0.31134	 0.33317	1 3 9 12 13 17 19 20 23 24 26 27 30 31 33 34 36 37 38 40 42 44 47 48 49 52 53 55 57 58 59 60 61 62 64 65 66 67 69 70 71 73 75 77 78 79 80 81 82 83 86 87 88 92 97 99 100 101 102 103 104 105 106 109 111 112 113 114 115 116 117 118 119 127 128 129 131 133 134 135 136 142 143 144 145 146 147 152 155 156 160 163 165 166 
 0.31983	 0.30281	1 2 4 5 9 14 15 16 18 20 21 25 26 32 33 36 38 39 40 43 44 46 51 53 54 56 59 60 61 64 65 73 76 78 82 83 85 86 91 94 106 107 110 113 114 115 118 119 120 122 124 129 137 138 139 140 142 143 144 147 148 149 150 154 156 164 166 
 0.30617	 0.35163	1 3 4 5 7 9 10 13 14 16 22 23 24 25 26 27 28 30 32 33 34 35 36 37 38 39 40 41 42 45 47 48 49 53 54 55 56 57 58 60 62 64 65 69 71 72 74 75 77 78 79 82 86 91 93 94 95 97 98 106 110 111 115 118 124 126 127 128 129 130 133 136 142 143 145 147 148 149 150 154 156 158 164 165 166 
 0.32786	 0.27409	1 5 6 10 15 20 29 33 36 62 70 72 93 114 127 130 131 138 139 151 153 154 155 161 
 0.3149 	 0.32045	1 2 3 8 9 11 14 21 23 26 31 41 42 43 54 57 59 60 67 70 74 77 80 81 82 87 88 89 94 96 103 104 107 108 109 112 114 116 120 122 123 124 127 128 133 136 139 140 144 145 147 150 154 156 157 160 161 
 0.29516	 0.39102	1 2 3 5 6 17 18 19 20 25 26 31 32 34 35 37 38 41 43 44 47 48 49 50 51 53 54 56 57 58 59 60 61 67 68 69 71 73 76 77 83 84 85 86 89 92 95 98 99 101 103 104 105 111 112 117 119 121 123 124 125 126 128 130 132 133 135 137 140 142 144 147 149 151 154 155 158 159 160 161 166 

Generation: 20
merit   	scaled  	subset
 0.28242	 0.51733	1 2 4 6 7 8 9 10 12 13 14 16 18 19 21 23 24 26 28 30 31 34 35 36 37 38 39 40 41 43 45 47 48 49 50 51 52 55 56 59 60 62 63 64 67 68 70 71 72 75 76 77 79 80 81 82 84 88 89 90 94 96 97 98 99 100 102 103 104 108 117 121 122 124 125 126 127 128 129 130 132 134 135 136 138 142 143 144 145 146 148 151 155 156 158 160 161 164 
 0.28242	 0.51733	1 2 4 6 7 8 9 10 12 13 14 16 18 19 21 23 24 26 28 30 31 34 35 36 37 38 39 40 41 43 45 47 48 49 50 51 52 55 56 59 60 62 63 64 67 68 70 71 72 75 76 77 79 80 81 82 84 88 89 90 94 96 97 98 99 100 102 103 104 108 117 121 122 124 125 126 127 128 129 130 132 134 135 136 138 142 143 144 145 146 148 151 155 156 158 160 161 164 
 0.29412	 0.15934	1 6 8 9 10 12 13 14 16 19 21 23 24 26 28 30 31 32 35 36 37 38 39 41 42 44 45 48 49 50 51 55 56 58 59 60 61 62 63 66 69 71 73 76 77 79 80 82 84 85 86 89 91 96 97 99 100 102 103 104 113 115 117 121 122 125 126 127 129 130 133 134 136 137 138 142 143 148 149 151 152 153 156 159 160 162 164 
 0.29367	 0.17338	1 2 4 6 7 8 9 10 12 13 14 16 18 19 23 24 26 28 30 31 34 35 36 37 38 39 40 41 43 47 48 49 50 51 52 55 56 57 59 60 62 63 64 67 68 70 72 73 75 76 77 80 81 82 84 88 89 90 94 96 97 98 99 100 102 104 106 107 108 111 114 117 119 120 122 123 124 125 126 127 129 130 133 134 136 137 138 143 144 145 148 149 151 152 153 159 161 164 
 0.28758	 0.3594 	1 2 4 6 7 8 9 10 12 13 14 16 18 19 21 23 26 28 30 31 32 34 35 36 37 38 39 41 44 45 49 50 51 52 55 56 58 60 62 63 64 67 69 70 71 76 77 79 80 82 84 85 86 89 91 96 97 99 100 104 107 108 109 117 120 122 125 126 127 129 130 132 133 134 135 136 137 138 141 142 143 144 145 148 149 151 152 153 159 160 163 164 165 
 0.28299	 0.49979	1 2 4 6 7 8 9 10 12 13 14 16 18 19 21 23 24 26 28 30 31 34 37 38 39 40 41 43 45 47 48 49 50 51 52 55 56 59 60 62 63 64 67 68 70 71 72 75 76 77 79 80 81 82 84 88 89 90 94 96 97 98 99 100 103 104 108 117 121 122 124 125 126 127 128 129 130 132 134 135 136 138 142 143 144 145 146 148 151 155 156 158 161 164 
 0.28253	 0.51382	1 2 4 6 7 8 9 10 12 13 14 15 16 18 19 21 23 24 26 28 30 31 34 35 36 37 38 40 41 43 45 47 48 49 50 51 52 55 56 59 60 62 63 64 67 68 70 71 72 75 76 77 79 80 81 82 84 88 89 90 94 96 97 98 99 100 102 103 104 108 117 121 122 124 125 127 128 129 130 132 134 135 136 138 142 143 144 145 146 148 151 155 156 158 160 161 164 
 0.2955 	 0.11722	1 6 8 9 10 13 14 16 17 18 19 21 23 26 30 31 32 34 35 36 37 38 39 41 42 44 49 50 51 52 55 56 58 59 60 62 63 64 67 69 70 73 77 78 79 80 82 85 86 89 96 97 100 102 104 106 107 108 117 120 122 124 125 126 127 128 129 130 132 134 135 136 138 142 143 144 145 146 147 148 151 154 155 156 158 160 161 164 
 0.29183	 0.22954	1 6 8 9 10 13 14 16 18 19 21 23 26 30 31 32 34 35 36 37 38 39 41 42 44 45 49 50 51 52 55 56 57 58 59 60 62 63 64 67 69 70 71 72 75 76 77 79 80 81 82 84 88 89 90 94 96 97 98 99 100 102 103 104 108 121 122 124 125 126 127 128 129 130 132 134 135 136 138 142 143 144 145 146 148 151 152 155 158 159 160 161 164 
 0.29933	 0      	1 2 4 6 7 8 9 10 12 13 14 16 18 19 21 23 24 26 28 30 31 34 35 36 37 39 40 41 43 45 47 49 50 51 52 55 56 59 60 62 63 64 67 68 70 73 77 78 79 80 85 86 89 96 97 99 100 102 104 106 108 120 122 124 125 126 127 129 130 132 134 135 136 137 138 142 143 144 145 146 147 148 150 151 155 156 158 160 161 164 
 0.29103	 0.2541 	1 6 8 9 10 12 13 14 16 19 21 23 26 28 30 31 32 35 36 37 38 39 41 42 44 45 48 49 50 51 52 55 56 58 59 60 62 63 65 66 68 70 71 73 77 79 80 82 84 85 86 89 91 93 96 97 99 100 102 104 106 107 108 111 114 117 120 122 124 126 127 133 134 136 137 138 139 143 144 145 146 148 149 151 152 153 159 160 161 164 
 0.28965	 0.29622	1 4 6 8 9 10 13 14 16 18 19 21 23 26 30 31 32 34 35 36 37 38 39 41 44 45 49 50 51 52 55 56 58 59 60 62 63 64 67 69 70 71 73 78 80 82 84 86 89 91 96 97 98 99 100 102 104 106 107 108 117 120 122 124 125 126 127 129 130 133 134 137 138 142 143 144 145 148 149 151 152 153 159 160 161 164 
 0.28517	 0.4331 	1 4 6 7 8 9 10 13 14 16 18 19 21 23 26 30 31 32 34 35 36 37 38 39 41 44 45 49 50 51 52 55 56 58 59 60 62 64 67 69 70 71 73 77 78 80 82 84 85 86 89 91 96 97 99 100 102 104 106 107 108 117 120 122 124 125 126 127 129 130 133 134 137 138 142 143 144 145 148 149 151 152 153 159 160 161 164 166 
 0.29562	 0.11372	1 2 4 6 8 9 10 12 13 14 16 18 19 21 23 24 26 28 29 30 31 34 35 36 37 38 39 40 41 43 44 45 47 48 49 50 52 56 59 60 62 63 64 67 68 70 71 72 75 76 77 79 80 81 82 84 85 88 89 90 97 98 99 100 103 104 107 108 111 113 121 122 124 125 126 127 128 129 130 134 135 136 138 141 142 143 144 145 148 149 151 152 153 159 160 161 164 
 0.29194	 0.22603	1 2 4 6 7 8 9 10 12 13 14 15 16 19 21 23 24 26 28 30 31 35 36 37 38 39 41 42 44 45 48 49 50 51 55 56 58 59 60 62 63 66 69 71 72 73 76 77 79 80 82 84 85 86 89 91 96 97 98 99 100 102 104 106 107 108 111 114 117 119 120 122 124 125 126 127 129 130 133 134 136 137 143 144 145 148 149 151 152 153 159 160 161 164 
 0.2911 	 0.25176	1 6 8 9 12 13 14 16 18 19 21 23 26 28 30 31 32 34 35 36 37 38 39 41 44 45 49 50 52 55 56 58 60 62 63 64 67 69 70 71 76 77 79 80 82 84 85 86 89 91 96 97 99 100 102 104 107 108 109 117 120 122 123 125 126 127 129 130 132 133 134 136 137 138 141 142 143 144 145 148 149 151 152 153 159 160 164 
 0.29231	 0.2148 	1 2 6 7 8 9 10 12 13 16 17 18 19 21 23 24 26 28 30 31 34 35 36 37 38 39 43 44 45 49 50 51 52 54 55 58 59 60 62 63 64 67 69 71 76 77 79 80 82 84 85 86 89 91 97 99 100 102 103 104 106 107 108 117 120 122 124 125 126 127 129 130 132 133 134 136 137 138 140 141 142 143 144 145 148 149 151 153 156 157 159 160 161 164 
 0.28999	 0.28569	1 2 4 6 7 8 9 10 12 13 14 16 18 19 21 23 24 28 30 31 34 35 36 37 38 39 40 41 42 43 45 47 48 49 50 51 52 55 56 59 60 62 63 64 67 68 70 71 72 75 76 77 80 81 82 84 88 89 90 94 96 97 98 99 100 102 103 104 108 113 117 119 121 122 124 125 126 127 128 129 130 132 134 135 136 138 142 143 144 145 146 148 151 155 156 158 160 161 164 
 0.28724	 0.36993	1 4 6 7 8 9 10 12 13 14 16 18 19 20 21 23 24 26 28 30 31 34 35 36 37 38 39 40 41 43 45 47 48 49 50 51 52 55 56 58 59 60 62 63 64 67 69 70 71 73 76 77 79 80 82 84 85 86 87 90 91 96 97 99 100 102 104 105 107 108 109 117 120 122 125 126 129 130 134 137 138 141 142 143 144 145 146 148 149 151 152 153 159 160 161 164 166 
 0.29068	 0.26463	1 6 8 9 10 12 13 14 16 19 21 23 26 28 30 31 32 35 36 37 38 39 41 42 44 45 48 49 50 52 55 56 58 59 62 63 66 69 70 71 73 76 77 79 80 82 84 85 86 89 91 93 96 97 99 100 102 104 106 107 108 111 114 120 122 124 125 126 127 128 129 130 133 136 137 138 141 144 145 149 151 152 153 159 160 161 164 

Attribute Subset Evaluator (supervised, Class (nominal): 167 Actividad):
	Wrapper Subset Evaluator
	Learning scheme: weka.classifiers.trees.J48
	Scheme options: -C 0.25 -M 2           
	Accuracy estimation: classification error
	Number of folds for accuracy estimation: 5

Selected attributes: 1,2,4,6,7,8,9,10,12,13,14,16,18,19,21,23,24,26,28,30,31,34,35,36,37,38,39,40,41,43,45,47,48,49,50,51,52,55,56,59,60,62,63,64,67,68,70,71,72,75,76,77,79,80,81,82,84,88,89,90,94,96,97,98,99,100,102,103,104,108,117,121,122,124,125,126,127,128,129,130,132,134,135,136,138,142,143,144,145,146,148,151,155,156,158,160,161,164 : 98
                     MACCSFP1
                     MACCSFP2
                     MACCSFP4
                     MACCSFP6
                     MACCSFP7
                     MACCSFP8
                     MACCSFP9
                     MACCSFP10
                     MACCSFP12
                     MACCSFP13
                     MACCSFP14
                     MACCSFP16
                     MACCSFP18
                     MACCSFP19
                     MACCSFP21
                     MACCSFP23
                     MACCSFP24
                     MACCSFP26
                     MACCSFP28
                     MACCSFP30
                     MACCSFP31
                     MACCSFP34
                     MACCSFP35
                     MACCSFP36
                     MACCSFP37
                     MACCSFP38
                     MACCSFP39
                     MACCSFP40
                     MACCSFP41
                     MACCSFP43
                     MACCSFP45
                     MACCSFP47
                     MACCSFP48
                     MACCSFP49
                     MACCSFP50
                     MACCSFP51
                     MACCSFP52
                     MACCSFP55
                     MACCSFP56
                     MACCSFP59
                     MACCSFP60
                     MACCSFP62
                     MACCSFP63
                     MACCSFP64
                     MACCSFP67
                     MACCSFP68
                     MACCSFP70
                     MACCSFP71
                     MACCSFP72
                     MACCSFP75
                     MACCSFP76
                     MACCSFP77
                     MACCSFP79
                     MACCSFP80
                     MACCSFP81
                     MACCSFP82
                     MACCSFP84
                     MACCSFP88
                     MACCSFP89
                     MACCSFP90
                     MACCSFP94
                     MACCSFP96
                     MACCSFP97
                     MACCSFP98
                     MACCSFP99
                     MACCSFP100
                     MACCSFP102
                     MACCSFP103
                     MACCSFP104
                     MACCSFP108
                     MACCSFP117
                     MACCSFP121
                     MACCSFP122
                     MACCSFP124
                     MACCSFP125
                     MACCSFP126
                     MACCSFP127
                     MACCSFP128
                     MACCSFP129
                     MACCSFP130
                     MACCSFP132
                     MACCSFP134
                     MACCSFP135
                     MACCSFP136
                     MACCSFP138
                     MACCSFP142
                     MACCSFP143
                     MACCSFP144
                     MACCSFP145
                     MACCSFP146
                     MACCSFP148
                     MACCSFP151
                     MACCSFP155
                     MACCSFP156
                     MACCSFP158
                     MACCSFP160
                     MACCSFP161
                     MACCSFP164

------------------------------------------------------------
