=== Run information ===
Start time:    2025-08-18 14:22:55
Commandline:   java -cp "D:/Weka-3-6/weka.jar" weka.attributeSelection.WrapperSubsetEval -B "weka.classifiers.trees.J48" -F 5 -T 0.01 -R 1 -s "weka.attributeSelection.BestFirst" -i "C:/Users/benja/Desktop/BD PAMPA/Calculos Fingerprint/new_training.arff"
Evaluator:     WrapperSubsetEval -B "weka.classifiers.trees.J48" -F 5 -T 0.01 -R 1 
Search:        BestFirst
Duration:      0 D : 1 H : 70 M : 4200.79 s
Task:          1/10


=== Attribute Selection on all input data ===

Search Method:
	Best first.
	Start set: no attributes
	Search direction: forward
	Stale search after 5 node expansions
	Total number of subsets evaluated: 3856
	Merit of best subset found:    0.254

Attribute Subset Evaluator (supervised, Class (nominal): 167 Actividad):
	Wrapper Subset Evaluator
	Learning scheme: weka.classifiers.trees.J48
	Scheme options: -C 0.25 -M 2           
	Accuracy estimation: classification error
	Number of folds for accuracy estimation: 5

Selected attributes: 8,25,34,40,43,47,49,50,54,56,62,70,76,80,84,99,112,125,156,161 : 20
                     MACCSFP8
                     MACCSFP25
                     MACCSFP34
                     MACCSFP40
                     MACCSFP43
                     MACCSFP47
                     MACCSFP49
                     MACCSFP50
                     MACCSFP54
                     MACCSFP56
                     MACCSFP62
                     MACCSFP70
                     MACCSFP76
                     MACCSFP80
                     MACCSFP84
                     MACCSFP99
                     MACCSFP112
                     MACCSFP125
                     MACCSFP156
                     MACCSFP161

------------------------------------------------------------
